
> business-tools@0.1.0 build
> next build

   ▲ Next.js 15.1.0

   Creating an optimized production build ...
node.exe : Failed to 
compile.
At line:1 char:1
+ & "C:\Program Files\
nodejs/node.exe" 
"C:\Program 
Files\nodejs/node_mo 
...
+ ~~~~~~~~~~~~~~~~~~~~
~~~~~~~~~~~~~~~~~~~~~~
~~~~~~~~~~~~~~~~~~~~~~
~~~~~
    + CategoryInfo    
          : NotSpeci  
  fied: (Failed to    
 compile.:String)     
[], RemoteExcepti    
on
    + FullyQualifiedE 
   rrorId : NativeCo  
  mmandError
 

app\layout.tsx
An error occurred in 
`next/font`.

Error: Cannot find 
module 
'@tailwindcss/postcss'
Require stack:
- D:\BusinesTools\busi
ness-tools\node_module
s\next\dist\build\webp
ack\config\blocks\css\
plugins.js
- D:\BusinesTools\busi
ness-tools\node_module
s\next\dist\build\webp
ack\config\blocks\css\
index.js
- D:\BusinesTools\busi
ness-tools\node_module
s\next\dist\build\webp
ack\config\index.js
- D:\BusinesTools\busi
ness-tools\node_module
s\next\dist\build\webp
ack-config.js
- D:\BusinesTools\busi
ness-tools\node_module
s\next\dist\build\webp
ack-build\impl.js
- D:\BusinesTools\busi
ness-tools\node_module
s\next\dist\compiled\j
est-worker\processChil
d.js
    at 
Module.<anonymous> (no
de:internal/modules/cj
s/loader:1421:15)
    at D:\BusinesTools
\business-tools\node_m
odules\next\dist\serve
r\require-hook.js:55:3
6
    at 
require.resolve (node:
internal/modules/helpe
rs:163:19)
    at loadPlugin (D:\
BusinesTools\business-
tools\node_modules\nex
t\dist\build\webpack\c
onfig\blocks\css\plugi
ns.js:49:32)
    at D:\BusinesTools
\business-tools\node_m
odules\next\dist\build
\webpack\config\blocks
\css\plugins.js:157:56
    at Array.map 
(<anonymous>)
    at 
getPostCssPlugins (D:\
BusinesTools\business-
tools\node_modules\nex
t\dist\build\webpack\c
onfig\blocks\css\plugi
ns.js:157:47)
    at async D:\Busine
sTools\business-tools\
node_modules\next\dist
\build\webpack\config\
blocks\css\index.js:12
4:36
    at async D:\Busine
sTools\business-tools\
node_modules\next\dist
\build\webpack\loaders
\next-font-loader\inde
x.js:86:33
    at async 
Span.traceAsyncFn (D:\
BusinesTools\business-
tools\node_modules\nex
t\dist\trace\trace.js:
153:20)

app\layout.tsx
An error occurred in 
`next/font`.

Error: Cannot find 
module 
'@tailwindcss/postcss'
Require stack:
- D:\BusinesTools\busi
ness-tools\node_module
s\next\dist\build\webp
ack\config\blocks\css\
plugins.js
- D:\BusinesTools\busi
ness-tools\node_module
s\next\dist\build\webp
ack\config\blocks\css\
index.js
- D:\BusinesTools\busi
ness-tools\node_module
s\next\dist\build\webp
ack\config\index.js
- D:\BusinesTools\busi
ness-tools\node_module
s\next\dist\build\webp
ack-config.js
- D:\BusinesTools\busi
ness-tools\node_module
s\next\dist\build\webp
ack-build\impl.js
- D:\BusinesTools\busi
ness-tools\node_module
s\next\dist\compiled\j
est-worker\processChil
d.js
    at 
Module.<anonymous> (no
de:internal/modules/cj
s/loader:1421:15)
    at D:\BusinesTools
\business-tools\node_m
odules\next\dist\serve
r\require-hook.js:55:3
6
    at 
require.resolve (node:
internal/modules/helpe
rs:163:19)
    at loadPlugin (D:\
BusinesTools\business-
tools\node_modules\nex
t\dist\build\webpack\c
onfig\blocks\css\plugi
ns.js:49:32)
    at D:\BusinesTools
\business-tools\node_m
odules\next\dist\build
\webpack\config\blocks
\css\plugins.js:157:56
    at Array.map 
(<anonymous>)
    at 
getPostCssPlugins (D:\
BusinesTools\business-
tools\node_modules\nex
t\dist\build\webpack\c
onfig\blocks\css\plugi
ns.js:157:47)
    at async D:\Busine
sTools\business-tools\
node_modules\next\dist
\build\webpack\config\
blocks\css\index.js:12
4:36
    at async D:\Busine
sTools\business-tools\
node_modules\next\dist
\build\webpack\loaders
\next-font-loader\inde
x.js:86:33
    at async 
Span.traceAsyncFn (D:\
BusinesTools\business-
tools\node_modules\nex
t\dist\trace\trace.js:
153:20)


> Build failed 
because of webpack 
errors
